// Jest Snapshot v1, https://goo.gl/fbAQLP

exports[`modules/auth/screens/Register Register should render correctly 1`] = `
<View
  style={
    Object {
      "flex": 1,
    }
  }
>
  <View
    style={
      Array [
        Array [
          Object {
            "alignItems": "center",
            "backgroundColor": "#FFF",
            "borderBottomColor": "#e1e1e1",
            "borderBottomWidth": 1,
            "elevation": 8,
            "flexDirection": "row",
            "height": 55,
            "justifyContent": "flex-end",
            "marginTop": 15,
            "paddingHorizontal": 18,
            "zIndex": 1000,
          },
        ],
        undefined,
      ]
    }
  >
    <View
      style={
        Array [
          Object {
            "alignItems": "center",
            "bottom": 0,
            "flexDirection": "row",
            "justifyContent": "flex-start",
            "left": 18,
            "position": "absolute",
            "top": 0,
            "zIndex": 1002,
          },
          null,
        ]
      }
    >
      <View
        accessibilityComponentType="button"
        accessibilityLabel={undefined}
        accessibilityTraits={
          Array [
            "button",
          ]
        }
        accessible={true}
        hitSlop={
          Object {
            "bottom": 10,
            "left": 10,
            "right": 10,
            "top": 10,
          }
        }
        isTVSelectable={true}
        onLayout={undefined}
        onResponderGrant={[Function]}
        onResponderMove={[Function]}
        onResponderRelease={[Function]}
        onResponderTerminate={[Function]}
        onResponderTerminationRequest={[Function]}
        onStartShouldSetResponder={[Function]}
        style={
          Object {
            "alignItems": "center",
            "backgroundColor": "transparent",
            "flexDirection": "row",
            "justifyContent": "flex-end",
            "opacity": 1,
            "padding": 6,
          }
        }
        testID={undefined}
        tvParallaxProperties={undefined}
      >
        <Text
          accessible={true}
          allowFontScaling={true}
          disabled={false}
          ellipsizeMode="tail"
          source="icon-arrow-left-ios-24"
          style={
            Array [
              Object {
                "fontFamily": "payeverIcons",
                "fontSize": 24,
              },
              Array [
                Object {
                  "fontFamily": "payeverIcons",
                  "fontSize": 24,
                },
                Array [
                  Object {
                    "height": 24,
                    "width": 24,
                  },
                  Object {
                    "color": "#0084ff",
                  },
                  undefined,
                ],
              ],
            ]
          }
          touchStyle={
            Object {
              "alignItems": "center",
              "borderColor": "blue",
              "borderWidth": 1,
              "justifyContent": "center",
            }
          }
        >
          
        </Text>
        <Text
          accessible={true}
          allowFontScaling={true}
          ellipsizeMode="tail"
          numberOfLines={1}
          style={
            Array [
              Object {
                "color": "#0084ff",
                "fontSize": 16,
                "marginLeft": 2,
              },
              Object {
                "fontSize": 16,
                "fontWeight": "400",
                "marginLeft": 2,
              },
            ]
          }
        >
          Back
        </Text>
      </View>
    </View>
    <View
      style={
        Object {
          "alignItems": "center",
          "bottom": 0,
          "flexDirection": "row",
          "justifyContent": "center",
          "left": 0,
          "position": "absolute",
          "right": 0,
          "top": 0,
          "zIndex": 1001,
        }
      }
    >
      <View
        accessibilityComponentType="button"
        accessibilityLabel={undefined}
        accessibilityTraits={
          Array [
            "button",
          ]
        }
        accessible={true}
        hitSlop={
          Object {
            "bottom": 10,
            "left": 10,
            "right": 10,
            "top": 10,
          }
        }
        isTVSelectable={true}
        onLayout={undefined}
        onResponderGrant={[Function]}
        onResponderMove={[Function]}
        onResponderRelease={[Function]}
        onResponderTerminate={[Function]}
        onResponderTerminationRequest={[Function]}
        onStartShouldSetResponder={[Function]}
        style={
          Object {
            "alignItems": "center",
            "backgroundColor": "transparent",
            "flexDirection": "row",
            "justifyContent": "center",
            "opacity": 1,
            "padding": 6,
          }
        }
        testID={undefined}
        tvParallaxProperties={undefined}
      >
        <Text
          accessible={true}
          allowFontScaling={true}
          ellipsizeMode="tail"
          numberOfLines={1}
          style={
            Array [
              Object {
                "color": "#000",
                "fontSize": 18,
                "textAlign": "center",
              },
              Object {},
            ]
          }
        >
          Add a contact
        </Text>
      </View>
    </View>
    <Image
      source={1}
      style={
        Object {
          "alignItems": "center",
          "flexDirection": "row",
          "height": null,
          "justifyContent": "flex-end",
          "paddingLeft": 20,
          "resizeMode": "stretch",
          "width": null,
          "zIndex": 1002,
        }
      }
    />
  </View>
  <View
    style={
      Object {
        "alignItems": "center",
        "flex": 1,
        "marginTop": 50,
      }
    }
  >
    <View
      accessibilityComponentType="button"
      accessibilityLabel={undefined}
      accessibilityTraits={
        Array [
          "button",
        ]
      }
      accessible={true}
      hitSlop={undefined}
      isTVSelectable={true}
      onLayout={undefined}
      onResponderGrant={[Function]}
      onResponderMove={[Function]}
      onResponderRelease={[Function]}
      onResponderTerminate={[Function]}
      onResponderTerminationRequest={[Function]}
      onStartShouldSetResponder={[Function]}
      style={
        Object {
          "alignItems": "center",
          "backgroundColor": "#45619d",
          "borderColor": "#45619d",
          "borderRadius": 25,
          "borderWidth": 1,
          "height": 40,
          "justifyContent": "center",
          "opacity": 1,
          "paddingHorizontal": 10,
          "width": 260,
        }
      }
      testID={undefined}
      tvParallaxProperties={undefined}
    >
      <View
        style={
          Object {
            "alignItems": "center",
            "flexDirection": "row",
            "justifyContent": "center",
          }
        }
      >
        <Text
          accessible={true}
          allowFontScaling={true}
          disabled={false}
          ellipsizeMode="tail"
          source="fa-facebook"
          style={
            Array [
              Object {
                "color": "#b5b9be",
                "fontFamily": "FontAwesome",
                "fontSize": 16,
              },
              Array [
                Object {
                  "color": "#b5b9be",
                  "fontFamily": "FontAwesome",
                  "fontSize": 16,
                },
                Array [
                  Object {
                    "color": "white",
                    "fontSize": 25,
                    "marginRight": 8,
                  },
                  undefined,
                ],
              ],
            ]
          }
        >
          
        </Text>
        <Text
          accessible={true}
          allowFontScaling={true}
          ellipsizeMode="tail"
          style={
            Array [
              Object {
                "color": "white",
                "fontSize": 16,
                "fontWeight": "400",
                "textAlign": "center",
              },
              undefined,
            ]
          }
        >
          REGISTER WITH FACEBOOK
        </Text>
      </View>
    </View>
    <View
      accessibilityComponentType="button"
      accessibilityLabel={undefined}
      accessibilityTraits={
        Array [
          "button",
        ]
      }
      accessible={true}
      hitSlop={undefined}
      isTVSelectable={true}
      onLayout={undefined}
      onResponderGrant={[Function]}
      onResponderMove={[Function]}
      onResponderRelease={[Function]}
      onResponderTerminate={[Function]}
      onResponderTerminationRequest={[Function]}
      onStartShouldSetResponder={[Function]}
      style={
        Object {
          "alignItems": "center",
          "backgroundColor": "#CC4A3C",
          "borderColor": "#CC4A3C",
          "borderRadius": 25,
          "borderWidth": 1,
          "height": 40,
          "justifyContent": "center",
          "marginTop": 16,
          "opacity": 1,
          "paddingHorizontal": 10,
          "width": 260,
        }
      }
      testID={undefined}
      tvParallaxProperties={undefined}
    >
      <View
        style={
          Object {
            "alignItems": "center",
            "flexDirection": "row",
            "justifyContent": "center",
          }
        }
      >
        <Text
          accessible={true}
          allowFontScaling={true}
          disabled={false}
          ellipsizeMode="tail"
          source="fa-google"
          style={
            Array [
              Object {
                "color": "#b5b9be",
                "fontFamily": "FontAwesome",
                "fontSize": 16,
              },
              Array [
                Object {
                  "color": "#b5b9be",
                  "fontFamily": "FontAwesome",
                  "fontSize": 16,
                },
                Array [
                  Object {
                    "color": "white",
                    "fontSize": 25,
                    "marginRight": 8,
                  },
                  undefined,
                ],
              ],
            ]
          }
        >
          
        </Text>
        <Text
          accessible={true}
          allowFontScaling={true}
          ellipsizeMode="tail"
          style={
            Array [
              Object {
                "color": "white",
                "fontSize": 16,
                "fontWeight": "400",
                "textAlign": "center",
              },
              undefined,
            ]
          }
        >
          REGISTER WITH GOOGLE
        </Text>
      </View>
    </View>
    <View
      accessibilityComponentType="button"
      accessibilityLabel={undefined}
      accessibilityTraits={
        Array [
          "button",
        ]
      }
      accessible={true}
      hitSlop={undefined}
      isTVSelectable={true}
      onLayout={undefined}
      onResponderGrant={[Function]}
      onResponderMove={[Function]}
      onResponderRelease={[Function]}
      onResponderTerminate={[Function]}
      onResponderTerminationRequest={[Function]}
      onStartShouldSetResponder={[Function]}
      style={
        Object {
          "alignItems": "center",
          "backgroundColor": "#50abf1",
          "borderColor": "#50abf1",
          "borderRadius": 25,
          "borderWidth": 1,
          "height": 40,
          "justifyContent": "center",
          "marginTop": 16,
          "opacity": 1,
          "paddingHorizontal": 10,
          "width": 260,
        }
      }
      testID={undefined}
      tvParallaxProperties={undefined}
    >
      <View
        style={
          Object {
            "alignItems": "center",
            "flexDirection": "row",
            "justifyContent": "center",
          }
        }
      >
        <Text
          accessible={true}
          allowFontScaling={true}
          disabled={false}
          ellipsizeMode="tail"
          source="fa-twitter"
          style={
            Array [
              Object {
                "color": "#b5b9be",
                "fontFamily": "FontAwesome",
                "fontSize": 16,
              },
              Array [
                Object {
                  "color": "#b5b9be",
                  "fontFamily": "FontAwesome",
                  "fontSize": 16,
                },
                Array [
                  Object {
                    "color": "white",
                    "fontSize": 25,
                    "marginRight": 8,
                  },
                  undefined,
                ],
              ],
            ]
          }
        >
          
        </Text>
        <Text
          accessible={true}
          allowFontScaling={true}
          ellipsizeMode="tail"
          style={
            Array [
              Object {
                "color": "white",
                "fontSize": 16,
                "fontWeight": "400",
                "textAlign": "center",
              },
              undefined,
            ]
          }
        >
          REGISTER WITH TWITTER
        </Text>
      </View>
    </View>
    <View
      accessibilityComponentType="button"
      accessibilityLabel={undefined}
      accessibilityTraits={
        Array [
          "button",
        ]
      }
      accessible={true}
      hitSlop={undefined}
      isTVSelectable={true}
      onLayout={undefined}
      onResponderGrant={[Function]}
      onResponderMove={[Function]}
      onResponderRelease={[Function]}
      onResponderTerminate={[Function]}
      onResponderTerminationRequest={[Function]}
      onStartShouldSetResponder={[Function]}
      style={
        Object {
          "alignItems": "center",
          "backgroundColor": "#0077b5",
          "borderColor": "#0077b5",
          "borderRadius": 25,
          "borderWidth": 1,
          "height": 40,
          "justifyContent": "center",
          "marginTop": 16,
          "opacity": 1,
          "paddingHorizontal": 10,
          "width": 260,
        }
      }
      testID={undefined}
      tvParallaxProperties={undefined}
    >
      <View
        style={
          Object {
            "alignItems": "center",
            "flexDirection": "row",
            "justifyContent": "center",
          }
        }
      >
        <Text
          accessible={true}
          allowFontScaling={true}
          disabled={false}
          ellipsizeMode="tail"
          source="fa-linkedin"
          style={
            Array [
              Object {
                "color": "#b5b9be",
                "fontFamily": "FontAwesome",
                "fontSize": 16,
              },
              Array [
                Object {
                  "color": "#b5b9be",
                  "fontFamily": "FontAwesome",
                  "fontSize": 16,
                },
                Array [
                  Object {
                    "color": "white",
                    "fontSize": 25,
                    "marginRight": 8,
                  },
                  undefined,
                ],
              ],
            ]
          }
        >
          
        </Text>
        <Text
          accessible={true}
          allowFontScaling={true}
          ellipsizeMode="tail"
          style={
            Array [
              Object {
                "color": "white",
                "fontSize": 16,
                "fontWeight": "400",
                "textAlign": "center",
              },
              undefined,
            ]
          }
        >
          REGISTER WITH LINKEDIN
        </Text>
      </View>
    </View>
    <View
      style={
        Array [
          Object {
            "alignSelf": "flex-start",
          },
          Object {
            "alignSelf": "center",
            "marginTop": 16,
          },
        ]
      }
    >
      <View
        accessibilityComponentType="button"
        accessibilityLabel={undefined}
        accessibilityTraits={
          Array [
            "button",
          ]
        }
        accessible={true}
        hitSlop={undefined}
        isTVSelectable={true}
        onLayout={undefined}
        onResponderGrant={[Function]}
        onResponderMove={[Function]}
        onResponderRelease={[Function]}
        onResponderTerminate={[Function]}
        onResponderTerminationRequest={[Function]}
        onStartShouldSetResponder={[Function]}
        style={
          Object {
            "opacity": 1,
          }
        }
        testID={undefined}
        tvParallaxProperties={undefined}
      >
        <Text
          accessible={true}
          allowFontScaling={true}
          ellipsizeMode="tail"
          style={
            Array [
              Object {
                "color": "#0084ff",
                "fontSize": 16,
                "fontWeight": "400",
              },
              undefined,
            ]
          }
        >
          REGISTER WITH EMAIL
        </Text>
      </View>
    </View>
  </View>
</View>
`;
