// Jest Snapshot v1, https://goo.gl/fbAQLP

exports[`src/modules/core/screens/ErrorPage.js src/modules/core/screens/ErrorPage.js renders correctly 1`] = `
<View
  style={
    Object {
      "flex": 1,
    }
  }
>
  <View
    style={
      Array [
        Object {
          "backgroundColor": "#FFF",
          "borderBottomColor": "#e1e1e1",
          "borderBottomWidth": 1,
          "elevation": 8,
          "flexDirection": "row",
          "justifyContent": "center",
          "marginTop": 10,
          "padding": 20,
        },
        undefined,
      ]
    }
  >
    <Text
      accessible={true}
      allowFontScaling={true}
      ellipsizeMode="tail"
      style={
        Array [
          Object {
            "color": "#3d3d3d",
            "fontFamily": "Helvetica Neue",
            "fontWeight": "200",
          },
          Array [
            Object {
              "color": "#3d3d3d",
              "fontWeight": "400",
              "textAlign": "center",
            },
            undefined,
          ],
        ]
      }
    >
      Error
    </Text>
  </View>
  <View
    style={
      Object {
        "alignItems": "center",
        "flex": 1,
        "paddingTop": 200.1,
      }
    }
  >
    <View
      style={
        Object {
          "alignItems": "center",
          "justifyContent": "center",
          "padding": 20,
        }
      }
    >
      <Text
        accessible={true}
        allowFontScaling={true}
        disabled={false}
        ellipsizeMode="tail"
        source="icon-alert-32"
        style={
          Array [
            Object {
              "fontFamily": "payeverIcons",
              "fontSize": 32,
            },
            Array [
              Object {
                "fontFamily": "payeverIcons",
                "fontSize": 32,
              },
              Object {
                "color": "#ff3c30",
                "marginBottom": 10,
              },
            ],
          ]
        }
      >
        
      </Text>
      <Text
        accessible={true}
        allowFontScaling={true}
        ellipsizeMode="tail"
        style={
          Array [
            Object {
              "color": "#3d3d3d",
              "fontFamily": "Helvetica Neue",
              "fontWeight": "200",
            },
            Object {
              "fontSize": 15,
              "textAlign": "center",
            },
          ]
        }
      >
        Hello World!
      </Text>
    </View>
    <View
      style={
        Object {
          "opacity": 1,
        }
      }
    >
      <View
        accessibilityComponentType="button"
        accessibilityLabel={undefined}
        accessibilityTraits={
          Array [
            "button",
          ]
        }
        accessible={true}
        hitSlop={undefined}
        isTVSelectable={true}
        onLayout={undefined}
        onResponderGrant={[Function]}
        onResponderMove={[Function]}
        onResponderRelease={[Function]}
        onResponderTerminate={[Function]}
        onResponderTerminationRequest={[Function]}
        onStartShouldSetResponder={[Function]}
        style={
          Object {
            "alignItems": "center",
            "backgroundColor": "#0084ff",
            "borderRadius": 4,
            "elevation": 2,
            "height": 41,
            "justifyContent": "center",
            "marginTop": 30,
            "opacity": 1,
            "width": 120,
          }
        }
        testID={undefined}
        tvParallaxProperties={undefined}
      >
        <Text
          accessible={true}
          allowFontScaling={true}
          ellipsizeMode="tail"
          style={
            Array [
              Object {
                "color": "white",
                "fontSize": 16,
                "fontWeight": "400",
                "padding": 8,
                "textAlign": "center",
              },
            ]
          }
        >
          Back
        </Text>
      </View>
    </View>
  </View>
</View>
`;
